Microchip MPLAB XC8 Compiler V1.41 ()

Linker command line:

-W-3 --edf=C:\Program Files (x86)\Microchip\xc8\v1.41\dat\en_msgs.txt -cs \
  -h+dist/default/production\XBEE_Dual_Joystick.X.production.sym \
  --cmf=dist/default/production\XBEE_Dual_Joystick.X.production.cmf -z \
  -Q18LF2520 -oC:\Users\JimSe\AppData\Local\Temp\s4sc.2 \
  -Mdist/default/production/XBEE_Dual_Joystick.X.production.map -E1 \
  -ver=XC8 -ASTACK=0580h-05ffh -pstack=STACK -ACODE=00h-07FFFh \
  -ACONST=00h-07FFFh -ASMALLCONST=0600h-06FFhx122 \
  -AMEDIUMCONST=0600h-07FFFh -ACOMRAM=01h-07Fh -AABS1=00h-05FFh \
  -ABIGRAM=01h-05FFh -ARAM=080h-0FFh,0100h-01FFhx5 -ABANK0=080h-0FFh \
  -ABANK1=0100h-01FFh -ABANK2=0200h-02FFh -ABANK3=0300h-03FFh \
  -ABANK4=0400h-04FFh -ABANK5=0500h-05FFh -ASFR=0F80h-0FFFh \
  -preset_vec=00h,intcode=08h,intcodelo,powerup,init -pramtop=0600h \
  -psmallconst=SMALLCONST -pmediumconst=MEDIUMCONST -pconst=CONST \
  -AFARRAM=00h-00h -ACONFIG=0300000h-030000Dh -pconfig=CONFIG \
  -AIDLOC=0200000h-0200007h -pidloc=IDLOC -AEEDATA=0F00000h-0F000FFh \
  -peeprom_data=EEDATA \
  -prdata=COMRAM,nvrram=COMRAM,nvbit=COMRAM,rbss=COMRAM,rbit=COMRAM \
  -pfarbss=FARRAM,fardata=FARRAM,nvFARRAM=FARRAM \
  -pintsave_regs=BIGRAM,bigbss=BIGRAM,bigdata=BIGRAM -pbss=RAM \
  -pidata=CODE,irdata=CODE,ibigdata=CODE,ifardata=CODE -prparam=COMRAM \
  C:\Users\JimSe\AppData\Local\Temp\s4sc.obj \
  dist/default/production\XBEE_Dual_Joystick.X.production.obj 

Object code version is 3.11

Machine type is 18LF2520

Call graph: (short form)




                Name                               Link     Load   Length Selector   Space Scale
C:\Users\JimSe\AppData\Local\Temp\s4sc.obj
                init                                 B8       B8        4        4       0
                reset_vec                             0        0        4        0       0
                idloc                            200000   200000        8   200000       0
                config                           300000   300000        E   300000       0
dist/default/production\XBEE_Dual_Joystick.X.production.obj
                intcode                               8        8       B0        4       0
                temp                                 61       61        1        1       1
                mediumconst                        7DEE     7DEE      212     3EF7       0
                text12                              360      360       B2        4       0
                text11                              412      412       80        4       0
                text10                              510      510       60        4       0
                text9                               5C2      5C2       4A        4       0
                text8                               684      684       2E        4       0
                text7                               492      492       7E        4       0
                text6                               6EC      6EC        C        4       0
                text5                               652      652       32        4       0
                text4                               6D8      6D8       14        4       0
                text3                               570      570       52        4       0
                text2                               6B2      6B2       26        4       0
                text1                                BC       BC      168        4       0
                text0                               224      224      13C        4       0
                cstackCOMRAM                          1        1       52        1       1
                bssBIGRAM                           180      180      400      180       1
                bssBANK1                            100      100       80      100       1
                bssBANK0                             80       80       60       80       1
                bssCOMRAM                            53       53        E        1       1
                cinit                               60C      60C       46        4       0

TOTAL           Name                               Link     Load   Length     Space
        CLASS   STACK          

        CLASS   CODE           
                intcode                               8        8       B0         0
                init                                 B8       B8        4         0
                reset_vec                             0        0        4         0
                text12                              360      360       B2         0
                text11                              412      412       80         0
                text10                              510      510       60         0
                text9                               5C2      5C2       4A         0
                text8                               684      684       2E         0
                text7                               492      492       7E         0
                text6                               6EC      6EC        C         0
                text5                               652      652       32         0
                text4                               6D8      6D8       14         0
                text3                               570      570       52         0
                text2                               6B2      6B2       26         0
                text1                                BC       BC      168         0
                text0                               224      224      13C         0
                cinit                               60C      60C       46         0

        CLASS   CONST          

        CLASS   SMALLCONST     

        CLASS   MEDIUMCONST    
                mediumconst                        7DEE     7DEE      212         0

        CLASS   COMRAM         
                temp                                 61       61        1         1
                cstackCOMRAM                          1        1       52         1
                bssCOMRAM                            53       53        E         1

        CLASS   ABS1           

        CLASS   BIGRAM         
                bssBIGRAM                           180      180      400         1

        CLASS   RAM            

        CLASS   BANK0          
                bssBANK0                             80       80       60         1

        CLASS   BANK1          
                bssBANK1                            100      100       80         1

        CLASS   BANK2          

        CLASS   BANK3          

        CLASS   BANK4          

        CLASS   BANK5          

        CLASS   SFR            

        CLASS   FARRAM         

        CLASS   CONFIG         
                config                           300000   300000        E         0

        CLASS   IDLOC          
                idloc                            200000   200000        8         0

        CLASS   EEDATA         



SEGMENTS        Name                           Load    Length   Top    Selector   Space  Class

                reset_vec                      000000  000004  000004         0       0  CODE    
                cstackCOMRAM                   000001  000061  000062         1       1  COMRAM  
                intcode                        000008  0006F0  0006F8         4       0  CODE    
                bssBANK0                       000080  000060  0000E0        80       1  BANK0   
                bssBANK1                       000100  000080  000180       100       1  BANK1   
                bssBIGRAM                      000180  000400  000580       180       1  BIGRAM  
                mediumconst                    007DEE  000212  008000      3EF7       0  MEDIUMCO
                idloc                          200000  000008  200008    200000       0  IDLOC   
                config                         300000  00000E  30000E    300000       0  CONFIG  


UNUSED ADDRESS RANGES

        Name                Unused          Largest block    Delta
        BANK0            0000E0-0000FF               20
        BANK5            000580-0005FF               80
        BIGRAM           000062-00007F               1E
                         0000E0-0000FF               20
                         000580-0005FF               80
        CODE             000004-000007                4
                         0006F8-007DED             76F6
        COMRAM           000062-00007F               1E
        CONST            000004-000007                4
                         0006F8-007DED             76F6
        EEDATA           F00000-F000FF              100
        MEDIUMCONST      0006F8-007DED             76F6
        RAM              0000E0-0000FF               20
                         000580-0005FF               80
        SFR              000F80-000FFF               80
        SMALLCONST       0006F8-007DED              100
        STACK            000580-0005FF               80

                                  Symbol Table

?_ADconvertAndRead            cstackCOMRAM 00000F
?_CRCcalculate                cstackCOMRAM 00001C
?___lwdiv                     cstackCOMRAM 000015
?___wmul                      cstackCOMRAM 00000F
?_update_crc_16               cstackCOMRAM 00000F
ADconvertAndRead@ADvalue      cstackCOMRAM 000013
ADconvertAndRead@highByte     cstackCOMRAM 000015
ADsetChannel@channel          cstackCOMRAM 000010
BuildPacket@dataLength        cstackCOMRAM 000019
BuildPacket@i                 cstackCOMRAM 00001A
BuildPacket@packetIndex       cstackCOMRAM 00001B
BuildPacket@ptrCommandData    cstackCOMRAM 000015
BuildPacket@ptrPacket         cstackCOMRAM 000017
CRCcalculate@CRCresult        cstackCOMRAM 00001F
CRCcalculate@i                cstackCOMRAM 000021
CRCcalculate@message          cstackCOMRAM 00001C
CRCcalculate@nBytes           cstackCOMRAM 00001E
DelayMs@count                 cstackCOMRAM 00000F
DelayMs@downCount             cstackCOMRAM 000012
DelayMs@i                     cstackCOMRAM 000011
_ADCON0                       (abs)        000FC2
_ADCON0bits                   (abs)        000FC2
_ADCON1bits                   (abs)        000FC1
_ADCON2                       (abs)        000FC0
_ADCON2bits                   (abs)        000FC0
_ADRESH                       (abs)        000FC4
_ADRESL                       (abs)        000FC3
_ADconvertAndRead             text5        000652
_ADresult                     bssCOMRAM    000053
_ADsetChannel                 text4        0006D8
_BAUDCONbits                  (abs)        000FB8
_BuildPacket                  text11       000412
_CRCcalculate                 text9        0005C2
_DelayMs                      text8        000684
_INTCON                       (abs)        000FF2
_INTCON2                      (abs)        000FF1
_INTCON2bits                  (abs)        000FF1
_INTCONbits                   (abs)        000FF2
_PIE1bits                     (abs)        000F9D
_PIR1bits                     (abs)        000F9E
_PORTAbits                    (abs)        000F80
_PORTB                        (abs)        000F81
_PORTBbits                    (abs)        000F81
_PORTBreg                     bssCOMRAM    000060
_PR2                          (abs)        000FCB
_RCSTAbits                    (abs)        000FAB
_SPBRG                        (abs)        000FAF
_T2CON                        (abs)        000FCA
_T2CONbits                    (abs)        000FCA
_TMR2IF                       (abs)        007CF1
_TRISA                        (abs)        000F92
_TRISB                        (abs)        000F93
_TRISC                        (abs)        000F94
_TXREG                        (abs)        000FAD
_TXSTAbits                    (abs)        000FAC
_Timer2flag                   bssCOMRAM    00005E
__CFG_BOREN$OFF               (abs)        000000
__CFG_CCP2MX$PORTC            (abs)        000000
__CFG_CP0$OFF                 (abs)        000000
__CFG_CP1$OFF                 (abs)        000000
__CFG_CP2$OFF                 (abs)        000000
__CFG_CP3$OFF                 (abs)        000000
__CFG_DEBUG$OFF               (abs)        000000
__CFG_FCMEN$OFF               (abs)        000000
__CFG_IESO$OFF                (abs)        000000
__CFG_LPT1OSC$OFF             (abs)        000000
__CFG_LVP$OFF                 (abs)        000000
__CFG_MCLRE$ON                (abs)        000000
__CFG_OSC$HS                  (abs)        000000
__CFG_PBADEN$OFF              (abs)        000000
__CFG_PWRT$ON                 (abs)        000000
__CFG_STVREN$OFF              (abs)        000000
__CFG_WDT$OFF                 (abs)        000000
__CFG_XINST$OFF               (abs)        000000
__HRAM                        (abs)        000000
__Habs1                       abs1         000000
__Hbank0                      bank0        000000
__Hbank1                      bank1        000000
__Hbank2                      bank2        000000
__Hbank3                      bank3        000000
__Hbank4                      bank4        000000
__Hbank5                      bank5        000000
__Hbigbss                     bigbss       000000
__Hbigdata                    bigdata      000000
__Hbigram                     bigram       000000
__Hbss                        bss          000000
__HbssBANK0                   bssBANK0     000000
__HbssBANK1                   bssBANK1     000000
__HbssBIGRAM                  bssBIGRAM    000000
__HbssCOMRAM                  bssCOMRAM    000000
__Hcinit                      cinit        000000
__Hclrtext                    clrtext      000000
__Hcomram                     comram       000000
__Hconfig                     config       30000E
__Hconst                      const        000000
__HcstackCOMRAM               cstackCOMRAM 000000
__Hdata                       data         000000
__Heeprom_data                eeprom_data  000000
__Hfarbss                     farbss       000000
__Hfardata                    fardata      000000
__Hibigdata                   ibigdata     000000
__Hidata                      idata        000000
__Hidloc                      idloc        200008
__Hifardata                   ifardata     000000
__Hinit                       init         0000BC
__Hintcode                    intcode      0000B8
__Hintcode_body               intcode_body 000000
__Hintcodelo                  intcodelo    0000B8
__Hintentry                   intentry     000000
__Hintret                     intret       000000
__Hintsave_regs               intsave_regs 000000
__Hirdata                     irdata       000000
__Hmediumconst                mediumconst  008000
__HnvFARRAM                   nvFARRAM     000000
__Hnvbit                      nvbit        000000
__Hnvrram                     nvrram       000000
__Hparam                      rparam       000000
__Hpowerup                    powerup      0000B8
__Hram                        ram          000000
__Hramtop                     ramtop       000600
__Hrbit                       rbit         000000
__Hrbss                       rbss         000000
__Hrdata                      rdata        000000
__Hreset_vec                  reset_vec    000004
__Hrparam                     rparam       000000
__Hsfr                        sfr          000000
__Hsmallconst                 smallconst   000000
__Hspace_0                    (abs)        30000E
__Hspace_1                    (abs)        000580
__Hspace_2                    (abs)        000000
__Hstack                      stack        000000
__Hstruct                     struct       000000
__Htemp                       temp         000062
__Htext                       text         000000
__Htext0                      text0        000000
__Htext1                      text1        000000
__Htext10                     text10       000000
__Htext11                     text11       000000
__Htext12                     text12       000000
__Htext2                      text2        000000
__Htext3                      text3        000000
__Htext4                      text4        000000
__Htext5                      text5        000000
__Htext6                      text6        000000
__Htext7                      text7        000000
__Htext8                      text8        000000
__Htext9                      text9        000000
__LRAM                        (abs)        000001
__Labs1                       abs1         000000
__Lbank0                      bank0        000000
__Lbank1                      bank1        000000
__Lbank2                      bank2        000000
__Lbank3                      bank3        000000
__Lbank4                      bank4        000000
__Lbank5                      bank5        000000
__Lbigbss                     bigbss       000000
__Lbigdata                    bigdata      000000
__Lbigram                     bigram       000000
__Lbss                        bss          000000
__LbssBANK0                   bssBANK0     000000
__LbssBANK1                   bssBANK1     000000
__LbssBIGRAM                  bssBIGRAM    000000
__LbssCOMRAM                  bssCOMRAM    000000
__Lcinit                      cinit        000000
__Lclrtext                    clrtext      000000
__Lcomram                     comram       000000
__Lconfig                     config       300000
__Lconst                      const        000000
__LcstackCOMRAM               cstackCOMRAM 000000
__Ldata                       data         000000
__Leeprom_data                eeprom_data  000000
__Lfarbss                     farbss       000000
__Lfardata                    fardata      000000
__Libigdata                   ibigdata     000000
__Lidata                      idata        000000
__Lidloc                      idloc        200000
__Lifardata                   ifardata     000000
__Linit                       init         0000B8
__Lintcode                    intcode      000008
__Lintcode_body               intcode_body 000000
__Lintcodelo                  intcodelo    0000B8
__Lintentry                   intentry     000000
__Lintret                     intret       000000
__Lintsave_regs               intsave_regs 000000
__Lirdata                     irdata       000000
__Lmediumconst                mediumconst  007DEE
__LnvFARRAM                   nvFARRAM     000000
__Lnvbit                      nvbit        000000
__Lnvrram                     nvrram       000000
__Lparam                      rparam       000000
__Lpowerup                    powerup      0000B8
__Lram                        ram          000000
__Lramtop                     ramtop       000600
__Lrbit                       rbit         000000
__Lrbss                       rbss         000000
__Lrdata                      rdata        000000
__Lreset_vec                  reset_vec    000000
__Lrparam                     rparam       000000
__Lsfr                        sfr          000000
__Lsmallconst                 smallconst   000000
__Lspace_0                    (abs)        000000
__Lspace_1                    (abs)        000000
__Lspace_2                    (abs)        000000
__Lstack                      stack        000000
__Lstruct                     struct       000000
__Ltemp                       temp         000061
__Ltext                       text         000000
__Ltext0                      text0        000000
__Ltext1                      text1        000000
__Ltext10                     text10       000000
__Ltext11                     text11       000000
__Ltext12                     text12       000000
__Ltext2                      text2        000000
__Ltext3                      text3        000000
__Ltext4                      text4        000000
__Ltext5                      text5        000000
__Ltext6                      text6        000000
__Ltext7                      text7        000000
__Ltext8                      text8        000000
__Ltext9                      text9        000000
__S0                          (abs)        30000E
__S1                          (abs)        000580
__S2                          (abs)        000000
___inthi_sp                   stack        000000
___intlo_sp                   stack        000000
___lwdiv                      text3        000570
___lwdiv@counter              cstackCOMRAM 00001B
___lwdiv@dividend             cstackCOMRAM 000015
___lwdiv@divisor              cstackCOMRAM 000017
___lwdiv@quotient             cstackCOMRAM 000019
___param_bank                 (abs)        000000
___rparam_used                (abs)        000001
___sp                         stack        000000
___wmul                       text2        0006B2
___wmul@multiplicand          cstackCOMRAM 000011
___wmul@multiplier            cstackCOMRAM 00000F
___wmul@product               cstackCOMRAM 000013
__accesstop                   (abs)        000080
__activetblptr                (abs)        000002
__end_of_ADconvertAndRead     text5        000684
__end_of_ADsetChannel         text4        0006EC
__end_of_BuildPacket          text11       000492
__end_of_CRCcalculate         text9        00060C
__end_of_DelayMs              text8        0006B2
__end_of___lwdiv              text3        0005C2
__end_of___wmul               text2        0006D8
__end_of__initialization      cinit        000644
__end_of_crc_tab16            mediumconst  007FEF
__end_of_init                 text7        000510
__end_of_insertByte           text12       000412
__end_of_isr                  intcode      0000B8
__end_of_main                 text0        000360
__end_of_putch                text6        0006F8
__end_of_readJoySticks        text1        000224
__end_of_update_crc_16        text10       000570
__end_ofreadJoySticks@F2969   mediumconst  007FFF
__end_ofreadJoySticks@F2971   mediumconst  007FF7
__initialization              cinit        00060C
__mediumconst                 mediumconst  007DEE
__pbssBANK0                   bssBANK0     000080
__pbssBANK1                   bssBANK1     000100
__pbssBIGRAM                  bssBIGRAM    000180
__pbssCOMRAM                  bssCOMRAM    000053
__pcinit                      cinit        00060C
__pcstackCOMRAM               cstackCOMRAM 000001
__pintcode                    intcode      000008
__pmediumconst                mediumconst  007DEE
__ptext0                      text0        000224
__ptext1                      text1        0000BC
__ptext10                     text10       000510
__ptext11                     text11       000412
__ptext12                     text12       000360
__ptext2                      text2        0006B2
__ptext3                      text3        000570
__ptext4                      text4        0006D8
__ptext5                      text5        000652
__ptext6                      text6        0006EC
__ptext7                      text7        000492
__ptext8                      text8        000684
__ptext9                      text9        0005C2
__ramtop                      ramtop       000600
__size_of_ADconvertAndRead    (abs)        000000
__size_of_ADsetChannel        (abs)        000000
__size_of_BuildPacket         (abs)        000000
__size_of_CRCcalculate        (abs)        000000
__size_of_DelayMs             (abs)        000000
__size_of___lwdiv             (abs)        000000
__size_of___wmul              (abs)        000000
__size_of_init                (abs)        000000
__size_of_insertByte          (abs)        000000
__size_of_isr                 (abs)        000000
__size_of_main                (abs)        000000
__size_of_putch               (abs)        000000
__size_of_readJoySticks       (abs)        000000
__size_of_update_crc_16       (abs)        000000
__smallconst                  smallconst   000000
_arrDataPacket                bssBIGRAM    000180
_arrPacket                    bssBANK0     0000C0
_commandBuffer                bssBANK0     000080
_crc_tab16                    mediumconst  007DEF
_init                         text7        000492
_insertByte                   text12       000360
_isr                          intcode      000008
_main                         text0        000224
_pushFlag                     bssCOMRAM    00005F
_putch                        text6        0006EC
_readJoySticks                text1        0000BC
_testBuffer                   bssBANK1     000100
_update_crc_16                text10       000510
btemp                         temp         000061
end_of_initialization         cinit        000644
insertByte@dataByte           cstackCOMRAM 000014
insertByte@index              cstackCOMRAM 000011
insertByte@ptrBuffer          cstackCOMRAM 00000F
int$flags                     temp         000061
intlevel0                     text         000000
intlevel1                     text         000000
intlevel2                     text         000000
intlevel3                     text         000000
isr@Timer2Counter             bssCOMRAM    00005B
main@LEDcounter               cstackCOMRAM 000050
main@arrTransmitData          cstackCOMRAM 000036
main@convert                  cstackCOMRAM 000051
main@i                        cstackCOMRAM 00004F
main@intLeftJoystickX         cstackCOMRAM 000048
main@intLeftJoystickY         cstackCOMRAM 000046
main@intRightJoystickX        cstackCOMRAM 00004C
main@intRightJoystickY        cstackCOMRAM 00004A
main@packetLength             cstackCOMRAM 00004E
putch@TxByte                  cstackCOMRAM 00000F
readJoySticks@ADchannel       bssCOMRAM    00005D
readJoySticks@ADoffset        cstackCOMRAM 00001E
readJoySticks@ADrawReading    cstackCOMRAM 000030
readJoySticks@ADspan          cstackCOMRAM 000026
readJoySticks@F2969           mediumconst  007FF7
readJoySticks@F2971           mediumconst  007FEF
readJoySticks@joyStickReading cstackCOMRAM 000034
readJoySticks@offset          cstackCOMRAM 00002E
readJoySticks@span            cstackCOMRAM 000032
stackhi                       (abs)        0005FF
stacklo                       (abs)        000580
start                         init         0000B8
start_initialization          cinit        00060C
update_crc_16@crc             cstackCOMRAM 00000F
update_crc_16@nextVal         cstackCOMRAM 000011
update_crc_16@shortVal        cstackCOMRAM 00001A
update_crc_16@tmp             cstackCOMRAM 000018


FUNCTION INFORMATION:

 *************** function _main *****************
 Defined at:
		line 78 in file "../main.c"
 Parameters:    Size  Location     Type
		None
 Auto vars:     Size  Location     Type
  arrTransmitD   16   53[COMRAM] unsigned char [16]
  convert         2   80[COMRAM] struct convertType
  intRightJoys    2   75[COMRAM] short 
  intRightJoys    2   73[COMRAM] short 
  intLeftJoyst    2   71[COMRAM] short 
  intLeftJoyst    2   69[COMRAM] short 
  LEDcounter      1   79[COMRAM] unsigned char 
  i               1   78[COMRAM] unsigned char 
  packetLength    1   77[COMRAM] unsigned char 
 Return value:  Size  Location     Type
                  1    wreg      void 
 Registers used:
		wreg, fsr2l, fsr2h, status,2, status,0, tblptrl, tblptrh, tblptru, prodl, prodh, cstack
 Tracked objects:
		On entry : 
		On exit  : 
		Unchanged: 
 Data sizes:     COMRAM   BANK0   BANK1   BANK2   BANK3   BANK4   BANK5
      Params:         0       0       0       0       0       0       0
      Locals:        29       0       0       0       0       0       0
      Temps:          0       0       0       0       0       0       0
      Totals:        29       0       0       0       0       0       0
Total ram usage:       29 bytes
 Hardware stack levels required when called:    3
 This function calls:
		_BuildPacket
		_CRCcalculate
		_DelayMs
		_init
		_putch
		_readJoySticks
 This function is called by:
		Startup code after reset
 This function uses a non-reentrant model


 *************** function _readJoySticks *****************
 Defined at:
		line 294 in file "../main.c"
 Parameters:    Size  Location     Type
		None
 Auto vars:     Size  Location     Type
  ADspan          8   37[COMRAM] const unsigned short [4]
  ADoffset        8   29[COMRAM] const unsigned short [4]
  joyStickRead    2   51[COMRAM] unsigned short 
  span            2   49[COMRAM] unsigned short 
  ADrawReading    2   47[COMRAM] short 
  offset          2   45[COMRAM] unsigned short 
 Return value:  Size  Location     Type
                  1    wreg      void 
 Registers used:
		wreg, fsr2l, fsr2h, status,2, status,0, tblptrl, tblptrh, tblptru, prodl, prodh, cstack
 Tracked objects:
		On entry : 
		On exit  : 
		Unchanged: 
 Data sizes:     COMRAM   BANK0   BANK1   BANK2   BANK3   BANK4   BANK5
      Params:         0       0       0       0       0       0       0
      Locals:        24       0       0       0       0       0       0
      Temps:          2       0       0       0       0       0       0
      Totals:        26       0       0       0       0       0       0
Total ram usage:       26 bytes
 Hardware stack levels used:    1
 Hardware stack levels required when called:    2
 This function calls:
		_ADconvertAndRead
		_ADsetChannel
		___lwdiv
		___wmul
 This function is called by:
		_main
 This function uses a non-reentrant model


 *************** function ___wmul *****************
 Defined at:
		line 15 in file "C:\Program Files (x86)\Microchip\xc8\v1.41\sources\common\Umul16.c"
 Parameters:    Size  Location     Type
  multiplier      2   14[COMRAM] unsigned int 
  multiplicand    2   16[COMRAM] unsigned int 
 Auto vars:     Size  Location     Type
  product         2   18[COMRAM] unsigned int 
 Return value:  Size  Location     Type
                  2   14[COMRAM] unsigned int 
 Registers used:
		wreg, status,2, status,0, prodl, prodh
 Tracked objects:
		On entry : 
		On exit  : 
		Unchanged: 
 Data sizes:     COMRAM   BANK0   BANK1   BANK2   BANK3   BANK4   BANK5
      Params:         4       0       0       0       0       0       0
      Locals:         2       0       0       0       0       0       0
      Temps:          0       0       0       0       0       0       0
      Totals:         6       0       0       0       0       0       0
Total ram usage:        6 bytes
 Hardware stack levels used:    1
 Hardware stack levels required when called:    1
 This function calls:
		Nothing
 This function is called by:
		_readJoySticks
 This function uses a non-reentrant model


 *************** function ___lwdiv *****************
 Defined at:
		line 8 in file "C:\Program Files (x86)\Microchip\xc8\v1.41\sources\common\lwdiv.c"
 Parameters:    Size  Location     Type
  dividend        2   20[COMRAM] unsigned int 
  divisor         2   22[COMRAM] unsigned int 
 Auto vars:     Size  Location     Type
  quotient        2   24[COMRAM] unsigned int 
  counter         1   26[COMRAM] unsigned char 
 Return value:  Size  Location     Type
                  2   20[COMRAM] unsigned int 
 Registers used:
		wreg, status,2, status,0
 Tracked objects:
		On entry : 
		On exit  : 
		Unchanged: 
 Data sizes:     COMRAM   BANK0   BANK1   BANK2   BANK3   BANK4   BANK5
      Params:         4       0       0       0       0       0       0
      Locals:         3       0       0       0       0       0       0
      Temps:          0       0       0       0       0       0       0
      Totals:         7       0       0       0       0       0       0
Total ram usage:        7 bytes
 Hardware stack levels used:    1
 Hardware stack levels required when called:    1
 This function calls:
		Nothing
 This function is called by:
		_readJoySticks
 This function uses a non-reentrant model


 *************** function _ADsetChannel *****************
 Defined at:
		line 279 in file "../main.c"
 Parameters:    Size  Location     Type
  channel         1    wreg     unsigned char 
 Auto vars:     Size  Location     Type
  channel         1   15[COMRAM] unsigned char 
 Return value:  Size  Location     Type
                  1    wreg      void 
 Registers used:
		wreg, status,2, status,0
 Tracked objects:
		On entry : 
		On exit  : 
		Unchanged: 
 Data sizes:     COMRAM   BANK0   BANK1   BANK2   BANK3   BANK4   BANK5
      Params:         0       0       0       0       0       0       0
      Locals:         1       0       0       0       0       0       0
      Temps:          1       0       0       0       0       0       0
      Totals:         2       0       0       0       0       0       0
Total ram usage:        2 bytes
 Hardware stack levels used:    1
 Hardware stack levels required when called:    1
 This function calls:
		Nothing
 This function is called by:
		_readJoySticks
 This function uses a non-reentrant model


 *************** function _ADconvertAndRead *****************
 Defined at:
		line 283 in file "../main.c"
 Parameters:    Size  Location     Type
		None
 Auto vars:     Size  Location     Type
  highByte        2   20[COMRAM] unsigned short 
  ADvalue         2   18[COMRAM] short 
 Return value:  Size  Location     Type
                  2   14[COMRAM] short 
 Registers used:
		wreg, status,2, status,0
 Tracked objects:
		On entry : 
		On exit  : 
		Unchanged: 
 Data sizes:     COMRAM   BANK0   BANK1   BANK2   BANK3   BANK4   BANK5
      Params:         2       0       0       0       0       0       0
      Locals:         4       0       0       0       0       0       0
      Temps:          2       0       0       0       0       0       0
      Totals:         8       0       0       0       0       0       0
Total ram usage:        8 bytes
 Hardware stack levels used:    1
 Hardware stack levels required when called:    1
 This function calls:
		Nothing
 This function is called by:
		_readJoySticks
 This function uses a non-reentrant model


 *************** function _putch *****************
 Defined at:
		line 271 in file "../main.c"
 Parameters:    Size  Location     Type
  TxByte          1    wreg     unsigned char 
 Auto vars:     Size  Location     Type
  TxByte          1   14[COMRAM] unsigned char 
 Return value:  Size  Location     Type
                  1    wreg      void 
 Registers used:
		wreg
 Tracked objects:
		On entry : 
		On exit  : 
		Unchanged: 
 Data sizes:     COMRAM   BANK0   BANK1   BANK2   BANK3   BANK4   BANK5
      Params:         0       0       0       0       0       0       0
      Locals:         1       0       0       0       0       0       0
      Temps:          0       0       0       0       0       0       0
      Totals:         1       0       0       0       0       0       0
Total ram usage:        1 bytes
 Hardware stack levels used:    1
 Hardware stack levels required when called:    1
 This function calls:
		Nothing
 This function is called by:
		_main
 This function uses a non-reentrant model


 *************** function _init *****************
 Defined at:
		line 171 in file "../main.c"
 Parameters:    Size  Location     Type
		None
 Auto vars:     Size  Location     Type
		None
 Return value:  Size  Location     Type
                  1    wreg      void 
 Registers used:
		wreg, status,2
 Tracked objects:
		On entry : 
		On exit  : 
		Unchanged: 
 Data sizes:     COMRAM   BANK0   BANK1   BANK2   BANK3   BANK4   BANK5
      Params:         0       0       0       0       0       0       0
      Locals:         0       0       0       0       0       0       0
      Temps:          0       0       0       0       0       0       0
      Totals:         0       0       0       0       0       0       0
Total ram usage:        0 bytes
 Hardware stack levels used:    1
 Hardware stack levels required when called:    1
 This function calls:
		Nothing
 This function is called by:
		_main
 This function uses a non-reentrant model


 *************** function _DelayMs *****************
 Defined at:
		line 13 in file "../delay.c"
 Parameters:    Size  Location     Type
  count           2   14[COMRAM] unsigned short 
 Auto vars:     Size  Location     Type
  downCount       1   17[COMRAM] unsigned char 
  i               1   16[COMRAM] unsigned char 
 Return value:  Size  Location     Type
                  1    wreg      void 
 Registers used:
		wreg, status,2, status,0
 Tracked objects:
		On entry : 
		On exit  : 
		Unchanged: 
 Data sizes:     COMRAM   BANK0   BANK1   BANK2   BANK3   BANK4   BANK5
      Params:         2       0       0       0       0       0       0
      Locals:         2       0       0       0       0       0       0
      Temps:          0       0       0       0       0       0       0
      Totals:         4       0       0       0       0       0       0
Total ram usage:        4 bytes
 Hardware stack levels used:    1
 Hardware stack levels required when called:    1
 This function calls:
		Nothing
 This function is called by:
		_main
 This function uses a non-reentrant model


 *************** function _CRCcalculate *****************
 Defined at:
		line 112 in file "../CRC Check.c"
 Parameters:    Size  Location     Type
  message         2   27[COMRAM] PTR unsigned char 
		 -> main@arrTransmitData(16), 
  nBytes          1   29[COMRAM] unsigned char 
 Auto vars:     Size  Location     Type
  CRCresult       2   30[COMRAM] unsigned short 
  i               1   32[COMRAM] unsigned char 
 Return value:  Size  Location     Type
                  2   27[COMRAM] unsigned short 
 Registers used:
		wreg, fsr2l, fsr2h, status,2, status,0, tblptrl, tblptrh, tblptru, prodl, prodh, cstack
 Tracked objects:
		On entry : 
		On exit  : 
		Unchanged: 
 Data sizes:     COMRAM   BANK0   BANK1   BANK2   BANK3   BANK4   BANK5
      Params:         3       0       0       0       0       0       0
      Locals:         3       0       0       0       0       0       0
      Temps:          0       0       0       0       0       0       0
      Totals:         6       0       0       0       0       0       0
Total ram usage:        6 bytes
 Hardware stack levels used:    1
 Hardware stack levels required when called:    2
 This function calls:
		_update_crc_16
 This function is called by:
		_main
 This function uses a non-reentrant model


 *************** function _update_crc_16 *****************
 Defined at:
		line 96 in file "../CRC Check.c"
 Parameters:    Size  Location     Type
  crc             2   14[COMRAM] unsigned short 
  nextVal         1   16[COMRAM] unsigned char 
 Auto vars:     Size  Location     Type
  shortVal        2   25[COMRAM] unsigned short 
  tmp             2   23[COMRAM] unsigned short 
 Return value:  Size  Location     Type
                  2   14[COMRAM] unsigned short 
 Registers used:
		wreg, status,2, status,0, tblptrl, tblptrh, tblptru
 Tracked objects:
		On entry : 
		On exit  : 
		Unchanged: 
 Data sizes:     COMRAM   BANK0   BANK1   BANK2   BANK3   BANK4   BANK5
      Params:         3       0       0       0       0       0       0
      Locals:         4       0       0       0       0       0       0
      Temps:          6       0       0       0       0       0       0
      Totals:        13       0       0       0       0       0       0
Total ram usage:       13 bytes
 Hardware stack levels used:    1
 Hardware stack levels required when called:    1
 This function calls:
		Nothing
 This function is called by:
		_CRCcalculate
 This function uses a non-reentrant model


 *************** function _BuildPacket *****************
 Defined at:
		line 335 in file "../main.c"
 Parameters:    Size  Location     Type
  dataLength      1    wreg     unsigned char 
  ptrCommandDa    2   20[COMRAM] PTR unsigned char 
		 -> main@arrTransmitData(16), 
  ptrPacket       2   22[COMRAM] PTR unsigned char 
		 -> arrPacket(32), 
 Auto vars:     Size  Location     Type
  dataLength      1   24[COMRAM] unsigned char 
  packetIndex     1   26[COMRAM] unsigned char 
  i               1   25[COMRAM] unsigned char 
 Return value:  Size  Location     Type
                  1    wreg      unsigned char 
 Registers used:
		wreg, fsr2l, fsr2h, status,2, status,0, prodl, prodh, cstack
 Tracked objects:
		On entry : 
		On exit  : 
		Unchanged: 
 Data sizes:     COMRAM   BANK0   BANK1   BANK2   BANK3   BANK4   BANK5
      Params:         4       0       0       0       0       0       0
      Locals:         3       0       0       0       0       0       0
      Temps:          0       0       0       0       0       0       0
      Totals:         7       0       0       0       0       0       0
Total ram usage:        7 bytes
 Hardware stack levels used:    1
 Hardware stack levels required when called:    2
 This function calls:
		_insertByte
 This function is called by:
		_main
 This function uses a non-reentrant model


 *************** function _insertByte *****************
 Defined at:
		line 321 in file "../main.c"
 Parameters:    Size  Location     Type
  dataByte        1    wreg     unsigned char 
  ptrBuffer       2   14[COMRAM] PTR unsigned char 
		 -> arrPacket(32), 
  index           2   16[COMRAM] PTR unsigned char 
		 -> BuildPacket@packetIndex(1), 
 Auto vars:     Size  Location     Type
  dataByte        1   19[COMRAM] unsigned char 
 Return value:  Size  Location     Type
                  1    wreg      unsigned char 
 Registers used:
		wreg, fsr2l, fsr2h, status,2, status,0, prodl, prodh
 Tracked objects:
		On entry : 
		On exit  : 
		Unchanged: 
 Data sizes:     COMRAM   BANK0   BANK1   BANK2   BANK3   BANK4   BANK5
      Params:         4       0       0       0       0       0       0
      Locals:         1       0       0       0       0       0       0
      Temps:          1       0       0       0       0       0       0
      Totals:         6       0       0       0       0       0       0
Total ram usage:        6 bytes
 Hardware stack levels used:    1
 Hardware stack levels required when called:    1
 This function calls:
		Nothing
 This function is called by:
		_BuildPacket
 This function uses a non-reentrant model


 *************** function _isr *****************
 Defined at:
		line 244 in file "../main.c"
 Parameters:    Size  Location     Type
		None
 Auto vars:     Size  Location     Type
		None
 Return value:  Size  Location     Type
                  1    wreg      void 
 Registers used:
		wreg, status,2, status,0
 Tracked objects:
		On entry : 
		On exit  : 
		Unchanged: 
 Data sizes:     COMRAM   BANK0   BANK1   BANK2   BANK3   BANK4   BANK5
      Params:         0       0       0       0       0       0       0
      Locals:         0       0       0       0       0       0       0
      Temps:         14       0       0       0       0       0       0
      Totals:        14       0       0       0       0       0       0
Total ram usage:       14 bytes
 Hardware stack levels used:    1
 This function calls:
		Nothing
 This function is called by:
		Interrupt level 2
 This function uses a non-reentrant model



MODULE INFORMATION

Module		Function		Class		Link	Load	Size
C:\Program Files (x86)\Microchip\xc8\v1.41\sources\common\lwdiv.c
		___lwdiv       		CODE           	0570	0000	83

C:\Program Files (x86)\Microchip\xc8\v1.41\sources\common\lwdiv.c estimated size: 83

../main.c
		_init          		CODE           	0492	0000	127
		_ADconvertAndRead		CODE           	0652	0000	51
		_insertByte    		CODE           	0360	0000	179
		_putch         		CODE           	06EC	0000	13
		_main          		CODE           	0224	0000	317
		_ADsetChannel  		CODE           	06D8	0000	21
		_readJoySticks 		CODE           	00BC	0000	361
		_isr           		CODE           	0008	0000	177
		_BuildPacket   		CODE           	0412	0000	129

../main.c estimated size: 1375

../delay.c
		_DelayMs       		CODE           	0684	0000	47

../delay.c estimated size: 47

C:\Program Files (x86)\Microchip\xc8\v1.41\sources\common\Umul16.c
		___wmul        		CODE           	06B2	0000	39

C:\Program Files (x86)\Microchip\xc8\v1.41\sources\common\Umul16.c estimated size: 39

../CRC Check.c
		_update_crc_16 		CODE           	0510	0000	97
		_CRCcalculate  		CODE           	05C2	0000	75

../CRC Check.c estimated size: 172

shared
		readJoySticks@F2971		MEDIUMCONST    	7FEF	0000	9
		readJoySticks@F2969		MEDIUMCONST    	7FF7	0000	9
		__initialization		CODE           	060C	0000	57
		_crc_tab16     		MEDIUMCONST    	7DEF	0000	513

shared estimated size: 588

