Microchip MPLAB XC8 Compiler V1.41 ()

Linker command line:

-W-3 --edf=C:\Program Files (x86)\Microchip\xc8\v1.41\dat\en_msgs.txt -cs \
  -h+dist/default/production\XBEE_Dual_Joystick.X.production.sym \
  --cmf=dist/default/production\XBEE_Dual_Joystick.X.production.cmf -z \
  -Q18LF2520 -oC:\Users\JimSe\AppData\Local\Temp\s2p8.2 \
  -Mdist/default/production/XBEE_Dual_Joystick.X.production.map -E1 \
  -ver=XC8 -ASTACK=0580h-05ffh -pstack=STACK -ACODE=00h-07FFFh \
  -ACONST=00h-07FFFh -ASMALLCONST=0600h-06FFhx122 \
  -AMEDIUMCONST=0600h-07FFFh -ACOMRAM=01h-07Fh -AABS1=00h-05FFh \
  -ABIGRAM=01h-05FFh -ARAM=080h-0FFh,0100h-01FFhx5 -ABANK0=080h-0FFh \
  -ABANK1=0100h-01FFh -ABANK2=0200h-02FFh -ABANK3=0300h-03FFh \
  -ABANK4=0400h-04FFh -ABANK5=0500h-05FFh -ASFR=0F80h-0FFFh \
  -preset_vec=00h,intcode=08h,intcodelo,powerup,init -pramtop=0600h \
  -psmallconst=SMALLCONST -pmediumconst=MEDIUMCONST -pconst=CONST \
  -AFARRAM=00h-00h -ACONFIG=0300000h-030000Dh -pconfig=CONFIG \
  -AIDLOC=0200000h-0200007h -pidloc=IDLOC -AEEDATA=0F00000h-0F000FFh \
  -peeprom_data=EEDATA \
  -prdata=COMRAM,nvrram=COMRAM,nvbit=COMRAM,rbss=COMRAM,rbit=COMRAM \
  -pfarbss=FARRAM,fardata=FARRAM,nvFARRAM=FARRAM \
  -pintsave_regs=BIGRAM,bigbss=BIGRAM,bigdata=BIGRAM -pbss=RAM \
  -pidata=CODE,irdata=CODE,ibigdata=CODE,ifardata=CODE -prparam=COMRAM \
  C:\Users\JimSe\AppData\Local\Temp\s2p8.obj \
  dist/default/production\XBEE_Dual_Joystick.X.production.obj 

Object code version is 3.11

Machine type is 18LF2520

Call graph: (short form)




                Name                               Link     Load   Length Selector   Space Scale
C:\Users\JimSe\AppData\Local\Temp\s2p8.obj
                init                                 B8       B8        4        4       0
                reset_vec                             0        0        4        0       0
                idloc                            200000   200000        8   200000       0
                config                           300000   300000        E   300000       0
dist/default/production\XBEE_Dual_Joystick.X.production.obj
                intcode                               8        8       B0        4       0
                temp                                 60       60        1        1       1
                mediumconst                        7DEE     7DEE      212     3EF7       0
                text10                              4D6      4D6       B2        4       0
                text9                               3F6      3F6       E0        4       0
                text8                               6D0      6D0       2E        4       0
                text7                               588      588       7E        4       0
                text6                               738      738        C        4       0
                text5                               69E      69E       32        4       0
                text4                               724      724       14        4       0
                text3                               606      606       52        4       0
                text2                               6FE      6FE       26        4       0
                text1                               28E      28E      168        4       0
                text0                                BC       BC      1D2        4       0
                cstackCOMRAM                          1        1       51        1       1
                bssBIGRAM                           180      180      400      180       1
                bssBANK1                            100      100       80      100       1
                bssBANK0                             80       80       60       80       1
                bssCOMRAM                            52       52        E        1       1
                cinit                               658      658       46        4       0

TOTAL           Name                               Link     Load   Length     Space
        CLASS   STACK          

        CLASS   CODE           
                intcode                               8        8       B0         0
                init                                 B8       B8        4         0
                reset_vec                             0        0        4         0
                text10                              4D6      4D6       B2         0
                text9                               3F6      3F6       E0         0
                text8                               6D0      6D0       2E         0
                text7                               588      588       7E         0
                text6                               738      738        C         0
                text5                               69E      69E       32         0
                text4                               724      724       14         0
                text3                               606      606       52         0
                text2                               6FE      6FE       26         0
                text1                               28E      28E      168         0
                text0                                BC       BC      1D2         0
                cinit                               658      658       46         0

        CLASS   CONST          

        CLASS   SMALLCONST     

        CLASS   MEDIUMCONST    
                mediumconst                        7DEE     7DEE      212         0

        CLASS   COMRAM         
                temp                                 60       60        1         1
                cstackCOMRAM                          1        1       51         1
                bssCOMRAM                            52       52        E         1

        CLASS   ABS1           

        CLASS   BIGRAM         
                bssBIGRAM                           180      180      400         1

        CLASS   RAM            

        CLASS   BANK0          
                bssBANK0                             80       80       60         1

        CLASS   BANK1          
                bssBANK1                            100      100       80         1

        CLASS   BANK2          

        CLASS   BANK3          

        CLASS   BANK4          

        CLASS   BANK5          

        CLASS   SFR            

        CLASS   FARRAM         

        CLASS   CONFIG         
                config                           300000   300000        E         0

        CLASS   IDLOC          
                idloc                            200000   200000        8         0

        CLASS   EEDATA         



SEGMENTS        Name                           Load    Length   Top    Selector   Space  Class

                reset_vec                      000000  000004  000004         0       0  CODE    
                cstackCOMRAM                   000001  000060  000061         1       1  COMRAM  
                intcode                        000008  00073C  000744         4       0  CODE    
                bssBANK0                       000080  000060  0000E0        80       1  BANK0   
                bssBANK1                       000100  000080  000180       100       1  BANK1   
                bssBIGRAM                      000180  000400  000580       180       1  BIGRAM  
                mediumconst                    007DEE  000212  008000      3EF7       0  MEDIUMCO
                idloc                          200000  000008  200008    200000       0  IDLOC   
                config                         300000  00000E  30000E    300000       0  CONFIG  


UNUSED ADDRESS RANGES

        Name                Unused          Largest block    Delta
        BANK0            0000E0-0000FF               20
        BANK5            000580-0005FF               80
        BIGRAM           000061-00007F               1F
                         0000E0-0000FF               20
                         000580-0005FF               80
        CODE             000004-000007                4
                         000744-007DED             76AA
        COMRAM           000061-00007F               1F
        CONST            000004-000007                4
                         000744-007DED             76AA
        EEDATA           F00000-F000FF              100
        MEDIUMCONST      000744-007DED             76AA
        RAM              0000E0-0000FF               20
                         000580-0005FF               80
        SFR              000F80-000FFF               80
        SMALLCONST       000744-007DED              100
        STACK            000580-0005FF               80

                                  Symbol Table

?_ADconvertAndRead            cstackCOMRAM 00000F
?___lwdiv                     cstackCOMRAM 000015
?___wmul                      cstackCOMRAM 00000F
ADconvertAndRead@ADvalue      cstackCOMRAM 000013
ADconvertAndRead@highByte     cstackCOMRAM 000015
ADsetChannel@channel          cstackCOMRAM 000010
BuildPacket@command           cstackCOMRAM 00001B
BuildPacket@dataLength        cstackCOMRAM 000016
BuildPacket@i                 cstackCOMRAM 00001C
BuildPacket@packetIndex       cstackCOMRAM 00001D
BuildPacket@ptrData           cstackCOMRAM 000017
BuildPacket@ptrPacket         cstackCOMRAM 000019
BuildPacket@subCommand        cstackCOMRAM 000015
DelayMs@count                 cstackCOMRAM 00000F
DelayMs@downCount             cstackCOMRAM 000012
DelayMs@i                     cstackCOMRAM 000011
_ADCON0                       (abs)        000FC2
_ADCON0bits                   (abs)        000FC2
_ADCON1bits                   (abs)        000FC1
_ADCON2                       (abs)        000FC0
_ADCON2bits                   (abs)        000FC0
_ADRESH                       (abs)        000FC4
_ADRESL                       (abs)        000FC3
_ADconvertAndRead             text5        00069E
_ADresult                     bssCOMRAM    000052
_ADsetChannel                 text4        000724
_BAUDCONbits                  (abs)        000FB8
_BuildPacket                  text9        0003F6
_DelayMs                      text8        0006D0
_INTCON                       (abs)        000FF2
_INTCON2                      (abs)        000FF1
_INTCON2bits                  (abs)        000FF1
_INTCONbits                   (abs)        000FF2
_PIE1bits                     (abs)        000F9D
_PIR1bits                     (abs)        000F9E
_PORTAbits                    (abs)        000F80
_PORTB                        (abs)        000F81
_PORTBbits                    (abs)        000F81
_PORTBreg                     bssCOMRAM    00005F
_PR2                          (abs)        000FCB
_RCSTAbits                    (abs)        000FAB
_SPBRG                        (abs)        000FAF
_T2CON                        (abs)        000FCA
_T2CONbits                    (abs)        000FCA
_TMR2IF                       (abs)        007CF1
_TRISA                        (abs)        000F92
_TRISB                        (abs)        000F93
_TRISC                        (abs)        000F94
_TXREG                        (abs)        000FAD
_TXSTAbits                    (abs)        000FAC
_Timer2flag                   bssCOMRAM    00005D
__CFG_BOREN$OFF               (abs)        000000
__CFG_CCP2MX$PORTC            (abs)        000000
__CFG_CP0$OFF                 (abs)        000000
__CFG_CP1$OFF                 (abs)        000000
__CFG_CP2$OFF                 (abs)        000000
__CFG_CP3$OFF                 (abs)        000000
__CFG_DEBUG$OFF               (abs)        000000
__CFG_FCMEN$OFF               (abs)        000000
__CFG_IESO$OFF                (abs)        000000
__CFG_LPT1OSC$OFF             (abs)        000000
__CFG_LVP$OFF                 (abs)        000000
__CFG_MCLRE$ON                (abs)        000000
__CFG_OSC$HS                  (abs)        000000
__CFG_PBADEN$OFF              (abs)        000000
__CFG_PWRT$ON                 (abs)        000000
__CFG_STVREN$OFF              (abs)        000000
__CFG_WDT$OFF                 (abs)        000000
__CFG_XINST$OFF               (abs)        000000
__HRAM                        (abs)        000000
__Habs1                       abs1         000000
__Hbank0                      bank0        000000
__Hbank1                      bank1        000000
__Hbank2                      bank2        000000
__Hbank3                      bank3        000000
__Hbank4                      bank4        000000
__Hbank5                      bank5        000000
__Hbigbss                     bigbss       000000
__Hbigdata                    bigdata      000000
__Hbigram                     bigram       000000
__Hbss                        bss          000000
__HbssBANK0                   bssBANK0     000000
__HbssBANK1                   bssBANK1     000000
__HbssBIGRAM                  bssBIGRAM    000000
__HbssCOMRAM                  bssCOMRAM    000000
__Hcinit                      cinit        000000
__Hclrtext                    clrtext      000000
__Hcomram                     comram       000000
__Hconfig                     config       30000E
__Hconst                      const        000000
__HcstackCOMRAM               cstackCOMRAM 000000
__Hdata                       data         000000
__Heeprom_data                eeprom_data  000000
__Hfarbss                     farbss       000000
__Hfardata                    fardata      000000
__Hibigdata                   ibigdata     000000
__Hidata                      idata        000000
__Hidloc                      idloc        200008
__Hifardata                   ifardata     000000
__Hinit                       init         0000BC
__Hintcode                    intcode      0000B8
__Hintcode_body               intcode_body 000000
__Hintcodelo                  intcodelo    0000B8
__Hintentry                   intentry     000000
__Hintret                     intret       000000
__Hintsave_regs               intsave_regs 000000
__Hirdata                     irdata       000000
__Hmediumconst                mediumconst  008000
__HnvFARRAM                   nvFARRAM     000000
__Hnvbit                      nvbit        000000
__Hnvrram                     nvrram       000000
__Hparam                      rparam       000000
__Hpowerup                    powerup      0000B8
__Hram                        ram          000000
__Hramtop                     ramtop       000600
__Hrbit                       rbit         000000
__Hrbss                       rbss         000000
__Hrdata                      rdata        000000
__Hreset_vec                  reset_vec    000004
__Hrparam                     rparam       000000
__Hsfr                        sfr          000000
__Hsmallconst                 smallconst   000000
__Hspace_0                    (abs)        30000E
__Hspace_1                    (abs)        000580
__Hspace_2                    (abs)        000000
__Hstack                      stack        000000
__Hstruct                     struct       000000
__Htemp                       temp         000061
__Htext                       text         000000
__Htext0                      text0        000000
__Htext1                      text1        000000
__Htext10                     text10       000000
__Htext2                      text2        000000
__Htext3                      text3        000000
__Htext4                      text4        000000
__Htext5                      text5        000000
__Htext6                      text6        000000
__Htext7                      text7        000000
__Htext8                      text8        000000
__Htext9                      text9        000000
__LRAM                        (abs)        000001
__Labs1                       abs1         000000
__Lbank0                      bank0        000000
__Lbank1                      bank1        000000
__Lbank2                      bank2        000000
__Lbank3                      bank3        000000
__Lbank4                      bank4        000000
__Lbank5                      bank5        000000
__Lbigbss                     bigbss       000000
__Lbigdata                    bigdata      000000
__Lbigram                     bigram       000000
__Lbss                        bss          000000
__LbssBANK0                   bssBANK0     000000
__LbssBANK1                   bssBANK1     000000
__LbssBIGRAM                  bssBIGRAM    000000
__LbssCOMRAM                  bssCOMRAM    000000
__Lcinit                      cinit        000000
__Lclrtext                    clrtext      000000
__Lcomram                     comram       000000
__Lconfig                     config       300000
__Lconst                      const        000000
__LcstackCOMRAM               cstackCOMRAM 000000
__Ldata                       data         000000
__Leeprom_data                eeprom_data  000000
__Lfarbss                     farbss       000000
__Lfardata                    fardata      000000
__Libigdata                   ibigdata     000000
__Lidata                      idata        000000
__Lidloc                      idloc        200000
__Lifardata                   ifardata     000000
__Linit                       init         0000B8
__Lintcode                    intcode      000008
__Lintcode_body               intcode_body 000000
__Lintcodelo                  intcodelo    0000B8
__Lintentry                   intentry     000000
__Lintret                     intret       000000
__Lintsave_regs               intsave_regs 000000
__Lirdata                     irdata       000000
__Lmediumconst                mediumconst  007DEE
__LnvFARRAM                   nvFARRAM     000000
__Lnvbit                      nvbit        000000
__Lnvrram                     nvrram       000000
__Lparam                      rparam       000000
__Lpowerup                    powerup      0000B8
__Lram                        ram          000000
__Lramtop                     ramtop       000600
__Lrbit                       rbit         000000
__Lrbss                       rbss         000000
__Lrdata                      rdata        000000
__Lreset_vec                  reset_vec    000000
__Lrparam                     rparam       000000
__Lsfr                        sfr          000000
__Lsmallconst                 smallconst   000000
__Lspace_0                    (abs)        000000
__Lspace_1                    (abs)        000000
__Lspace_2                    (abs)        000000
__Lstack                      stack        000000
__Lstruct                     struct       000000
__Ltemp                       temp         000060
__Ltext                       text         000000
__Ltext0                      text0        000000
__Ltext1                      text1        000000
__Ltext10                     text10       000000
__Ltext2                      text2        000000
__Ltext3                      text3        000000
__Ltext4                      text4        000000
__Ltext5                      text5        000000
__Ltext6                      text6        000000
__Ltext7                      text7        000000
__Ltext8                      text8        000000
__Ltext9                      text9        000000
__S0                          (abs)        30000E
__S1                          (abs)        000580
__S2                          (abs)        000000
___inthi_sp                   stack        000000
___intlo_sp                   stack        000000
___lwdiv                      text3        000606
___lwdiv@counter              cstackCOMRAM 00001B
___lwdiv@dividend             cstackCOMRAM 000015
___lwdiv@divisor              cstackCOMRAM 000017
___lwdiv@quotient             cstackCOMRAM 000019
___param_bank                 (abs)        000000
___rparam_used                (abs)        000001
___sp                         stack        000000
___wmul                       text2        0006FE
___wmul@multiplicand          cstackCOMRAM 000011
___wmul@multiplier            cstackCOMRAM 00000F
___wmul@product               cstackCOMRAM 000013
__accesstop                   (abs)        000080
__activetblptr                (abs)        000002
__end_of_ADconvertAndRead     text5        0006D0
__end_of_ADsetChannel         text4        000738
__end_of_BuildPacket          text9        0004D6
__end_of_DelayMs              text8        0006FE
__end_of___lwdiv              text3        000658
__end_of___wmul               text2        000724
__end_of__initialization      cinit        000690
__end_of_crc_tab16            mediumconst  007FEF
__end_of_init                 text7        000606
__end_of_insertByte           text10       000588
__end_of_isr                  intcode      0000B8
__end_of_main                 text0        00028E
__end_of_putch                text6        000744
__end_of_readJoySticks        text1        0003F6
__end_ofreadJoySticks@F2980   mediumconst  007FFF
__end_ofreadJoySticks@F2982   mediumconst  007FF7
__initialization              cinit        000658
__mediumconst                 mediumconst  007DEE
__pbssBANK0                   bssBANK0     000080
__pbssBANK1                   bssBANK1     000100
__pbssBIGRAM                  bssBIGRAM    000180
__pbssCOMRAM                  bssCOMRAM    000052
__pcinit                      cinit        000658
__pcstackCOMRAM               cstackCOMRAM 000001
__pintcode                    intcode      000008
__pmediumconst                mediumconst  007DEE
__ptext0                      text0        0000BC
__ptext1                      text1        00028E
__ptext10                     text10       0004D6
__ptext2                      text2        0006FE
__ptext3                      text3        000606
__ptext4                      text4        000724
__ptext5                      text5        00069E
__ptext6                      text6        000738
__ptext7                      text7        000588
__ptext8                      text8        0006D0
__ptext9                      text9        0003F6
__ramtop                      ramtop       000600
__size_of_ADconvertAndRead    (abs)        000000
__size_of_ADsetChannel        (abs)        000000
__size_of_BuildPacket         (abs)        000000
__size_of_DelayMs             (abs)        000000
__size_of___lwdiv             (abs)        000000
__size_of___wmul              (abs)        000000
__size_of_init                (abs)        000000
__size_of_insertByte          (abs)        000000
__size_of_isr                 (abs)        000000
__size_of_main                (abs)        000000
__size_of_putch               (abs)        000000
__size_of_readJoySticks       (abs)        000000
__smallconst                  smallconst   000000
_arrDataPacket                bssBIGRAM    000180
_commandBuffer                bssBANK0     000080
_crc_tab16                    mediumconst  007DEF
_init                         text7        000588
_insertByte                   text10       0004D6
_isr                          intcode      000008
_main                         text0        0000BC
_packet                       bssBANK0     0000C0
_pushFlag                     bssCOMRAM    00005E
_putch                        text6        000738
_readJoySticks                text1        00028E
_testBuffer                   bssBANK1     000100
btemp                         temp         000060
end_of_initialization         cinit        000690
insertByte@dataByte           cstackCOMRAM 000014
insertByte@index              cstackCOMRAM 000011
insertByte@ptrBuffer          cstackCOMRAM 00000F
int$flags                     temp         000060
intlevel0                     text         000000
intlevel1                     text         000000
intlevel2                     text         000000
intlevel3                     text         000000
isr@Timer2Counter             bssCOMRAM    00005A
main@LEDcounter               cstackCOMRAM 00004B
main@convert                  cstackCOMRAM 000050
main@i                        cstackCOMRAM 00004A
main@intLeftJoystickX         cstackCOMRAM 00003A
main@intLeftJoystickY         cstackCOMRAM 000038
main@intRightJoystickX        cstackCOMRAM 000047
main@intRightJoystickY        cstackCOMRAM 000045
main@leftMotor                cstackCOMRAM 00004E
main@leftMotorLSB             cstackCOMRAM 000044
main@leftMotorMSB             cstackCOMRAM 000043
main@motorData                cstackCOMRAM 00003C
main@packetLength             cstackCOMRAM 000049
main@rightMotor               cstackCOMRAM 00004C
main@rightMotorLSB            cstackCOMRAM 000041
main@rightMotorMSB            cstackCOMRAM 000042
putch@TxByte                  cstackCOMRAM 00000F
readJoySticks@ADchannel       bssCOMRAM    00005C
readJoySticks@ADoffset        cstackCOMRAM 00001E
readJoySticks@ADrawReading    cstackCOMRAM 000030
readJoySticks@ADspan          cstackCOMRAM 000026
readJoySticks@F2980           mediumconst  007FF7
readJoySticks@F2982           mediumconst  007FEF
readJoySticks@joyStickReading cstackCOMRAM 000034
readJoySticks@offset          cstackCOMRAM 00002E
readJoySticks@span            cstackCOMRAM 000032
stackhi                       (abs)        0005FF
stacklo                       (abs)        000580
start                         init         0000B8
start_initialization          cinit        000658


FUNCTION INFORMATION:

 *************** function _main *****************
 Defined at:
		line 74 in file "../main.c"
 Parameters:    Size  Location     Type
		None
 Auto vars:     Size  Location     Type
  motorData       5   59[COMRAM] unsigned char [5]
  convert         2   79[COMRAM] struct convertType
  leftMotor       2   77[COMRAM] short 
  rightMotor      2   75[COMRAM] short 
  intRightJoys    2   70[COMRAM] short 
  intRightJoys    2   68[COMRAM] short 
  intLeftJoyst    2   57[COMRAM] short 
  intLeftJoyst    2   55[COMRAM] short 
  LEDcounter      1   74[COMRAM] unsigned char 
  i               1   73[COMRAM] unsigned char 
  packetLength    1   72[COMRAM] unsigned char 
  leftMotorLSB    1   67[COMRAM] unsigned char 
  leftMotorMSB    1   66[COMRAM] unsigned char 
  rightMotorMS    1   65[COMRAM] unsigned char 
  rightMotorLS    1   64[COMRAM] unsigned char 
 Return value:  Size  Location     Type
                  1    wreg      void 
 Registers used:
		wreg, fsr2l, fsr2h, status,2, status,0, tblptrl, tblptrh, tblptru, prodl, prodh, cstack
 Tracked objects:
		On entry : 
		On exit  : 
		Unchanged: 
 Data sizes:     COMRAM   BANK0   BANK1   BANK2   BANK3   BANK4   BANK5
      Params:         0       0       0       0       0       0       0
      Locals:        26       0       0       0       0       0       0
      Temps:          2       0       0       0       0       0       0
      Totals:        28       0       0       0       0       0       0
Total ram usage:       28 bytes
 Hardware stack levels required when called:    3
 This function calls:
		_BuildPacket
		_DelayMs
		_init
		_putch
		_readJoySticks
 This function is called by:
		Startup code after reset
 This function uses a non-reentrant model


 *************** function _readJoySticks *****************
 Defined at:
		line 277 in file "../main.c"
 Parameters:    Size  Location     Type
		None
 Auto vars:     Size  Location     Type
  ADspan          8   37[COMRAM] const unsigned short [4]
  ADoffset        8   29[COMRAM] const unsigned short [4]
  joyStickRead    2   51[COMRAM] unsigned short 
  span            2   49[COMRAM] unsigned short 
  ADrawReading    2   47[COMRAM] short 
  offset          2   45[COMRAM] unsigned short 
 Return value:  Size  Location     Type
                  1    wreg      void 
 Registers used:
		wreg, fsr2l, fsr2h, status,2, status,0, tblptrl, tblptrh, tblptru, prodl, prodh, cstack
 Tracked objects:
		On entry : 
		On exit  : 
		Unchanged: 
 Data sizes:     COMRAM   BANK0   BANK1   BANK2   BANK3   BANK4   BANK5
      Params:         0       0       0       0       0       0       0
      Locals:        24       0       0       0       0       0       0
      Temps:          2       0       0       0       0       0       0
      Totals:        26       0       0       0       0       0       0
Total ram usage:       26 bytes
 Hardware stack levels used:    1
 Hardware stack levels required when called:    2
 This function calls:
		_ADconvertAndRead
		_ADsetChannel
		___lwdiv
		___wmul
 This function is called by:
		_main
 This function uses a non-reentrant model


 *************** function ___wmul *****************
 Defined at:
		line 15 in file "C:\Program Files (x86)\Microchip\xc8\v1.41\sources\common\Umul16.c"
 Parameters:    Size  Location     Type
  multiplier      2   14[COMRAM] unsigned int 
  multiplicand    2   16[COMRAM] unsigned int 
 Auto vars:     Size  Location     Type
  product         2   18[COMRAM] unsigned int 
 Return value:  Size  Location     Type
                  2   14[COMRAM] unsigned int 
 Registers used:
		wreg, status,2, status,0, prodl, prodh
 Tracked objects:
		On entry : 
		On exit  : 
		Unchanged: 
 Data sizes:     COMRAM   BANK0   BANK1   BANK2   BANK3   BANK4   BANK5
      Params:         4       0       0       0       0       0       0
      Locals:         2       0       0       0       0       0       0
      Temps:          0       0       0       0       0       0       0
      Totals:         6       0       0       0       0       0       0
Total ram usage:        6 bytes
 Hardware stack levels used:    1
 Hardware stack levels required when called:    1
 This function calls:
		Nothing
 This function is called by:
		_readJoySticks
 This function uses a non-reentrant model


 *************** function ___lwdiv *****************
 Defined at:
		line 8 in file "C:\Program Files (x86)\Microchip\xc8\v1.41\sources\common\lwdiv.c"
 Parameters:    Size  Location     Type
  dividend        2   20[COMRAM] unsigned int 
  divisor         2   22[COMRAM] unsigned int 
 Auto vars:     Size  Location     Type
  quotient        2   24[COMRAM] unsigned int 
  counter         1   26[COMRAM] unsigned char 
 Return value:  Size  Location     Type
                  2   20[COMRAM] unsigned int 
 Registers used:
		wreg, status,2, status,0
 Tracked objects:
		On entry : 
		On exit  : 
		Unchanged: 
 Data sizes:     COMRAM   BANK0   BANK1   BANK2   BANK3   BANK4   BANK5
      Params:         4       0       0       0       0       0       0
      Locals:         3       0       0       0       0       0       0
      Temps:          0       0       0       0       0       0       0
      Totals:         7       0       0       0       0       0       0
Total ram usage:        7 bytes
 Hardware stack levels used:    1
 Hardware stack levels required when called:    1
 This function calls:
		Nothing
 This function is called by:
		_readJoySticks
 This function uses a non-reentrant model


 *************** function _ADsetChannel *****************
 Defined at:
		line 262 in file "../main.c"
 Parameters:    Size  Location     Type
  channel         1    wreg     unsigned char 
 Auto vars:     Size  Location     Type
  channel         1   15[COMRAM] unsigned char 
 Return value:  Size  Location     Type
                  1    wreg      void 
 Registers used:
		wreg, status,2, status,0
 Tracked objects:
		On entry : 
		On exit  : 
		Unchanged: 
 Data sizes:     COMRAM   BANK0   BANK1   BANK2   BANK3   BANK4   BANK5
      Params:         0       0       0       0       0       0       0
      Locals:         1       0       0       0       0       0       0
      Temps:          1       0       0       0       0       0       0
      Totals:         2       0       0       0       0       0       0
Total ram usage:        2 bytes
 Hardware stack levels used:    1
 Hardware stack levels required when called:    1
 This function calls:
		Nothing
 This function is called by:
		_readJoySticks
 This function uses a non-reentrant model


 *************** function _ADconvertAndRead *****************
 Defined at:
		line 266 in file "../main.c"
 Parameters:    Size  Location     Type
		None
 Auto vars:     Size  Location     Type
  highByte        2   20[COMRAM] unsigned short 
  ADvalue         2   18[COMRAM] short 
 Return value:  Size  Location     Type
                  2   14[COMRAM] short 
 Registers used:
		wreg, status,2, status,0
 Tracked objects:
		On entry : 
		On exit  : 
		Unchanged: 
 Data sizes:     COMRAM   BANK0   BANK1   BANK2   BANK3   BANK4   BANK5
      Params:         2       0       0       0       0       0       0
      Locals:         4       0       0       0       0       0       0
      Temps:          2       0       0       0       0       0       0
      Totals:         8       0       0       0       0       0       0
Total ram usage:        8 bytes
 Hardware stack levels used:    1
 Hardware stack levels required when called:    1
 This function calls:
		Nothing
 This function is called by:
		_readJoySticks
 This function uses a non-reentrant model


 *************** function _putch *****************
 Defined at:
		line 254 in file "../main.c"
 Parameters:    Size  Location     Type
  TxByte          1    wreg     unsigned char 
 Auto vars:     Size  Location     Type
  TxByte          1   14[COMRAM] unsigned char 
 Return value:  Size  Location     Type
                  1    wreg      void 
 Registers used:
		wreg
 Tracked objects:
		On entry : 
		On exit  : 
		Unchanged: 
 Data sizes:     COMRAM   BANK0   BANK1   BANK2   BANK3   BANK4   BANK5
      Params:         0       0       0       0       0       0       0
      Locals:         1       0       0       0       0       0       0
      Temps:          0       0       0       0       0       0       0
      Totals:         1       0       0       0       0       0       0
Total ram usage:        1 bytes
 Hardware stack levels used:    1
 Hardware stack levels required when called:    1
 This function calls:
		Nothing
 This function is called by:
		_main
 This function uses a non-reentrant model


 *************** function _init *****************
 Defined at:
		line 154 in file "../main.c"
 Parameters:    Size  Location     Type
		None
 Auto vars:     Size  Location     Type
		None
 Return value:  Size  Location     Type
                  1    wreg      void 
 Registers used:
		wreg, status,2
 Tracked objects:
		On entry : 
		On exit  : 
		Unchanged: 
 Data sizes:     COMRAM   BANK0   BANK1   BANK2   BANK3   BANK4   BANK5
      Params:         0       0       0       0       0       0       0
      Locals:         0       0       0       0       0       0       0
      Temps:          0       0       0       0       0       0       0
      Totals:         0       0       0       0       0       0       0
Total ram usage:        0 bytes
 Hardware stack levels used:    1
 Hardware stack levels required when called:    1
 This function calls:
		Nothing
 This function is called by:
		_main
 This function uses a non-reentrant model


 *************** function _DelayMs *****************
 Defined at:
		line 13 in file "../delay.c"
 Parameters:    Size  Location     Type
  count           2   14[COMRAM] unsigned short 
 Auto vars:     Size  Location     Type
  downCount       1   17[COMRAM] unsigned char 
  i               1   16[COMRAM] unsigned char 
 Return value:  Size  Location     Type
                  1    wreg      void 
 Registers used:
		wreg, status,2, status,0
 Tracked objects:
		On entry : 
		On exit  : 
		Unchanged: 
 Data sizes:     COMRAM   BANK0   BANK1   BANK2   BANK3   BANK4   BANK5
      Params:         2       0       0       0       0       0       0
      Locals:         2       0       0       0       0       0       0
      Temps:          0       0       0       0       0       0       0
      Totals:         4       0       0       0       0       0       0
Total ram usage:        4 bytes
 Hardware stack levels used:    1
 Hardware stack levels required when called:    1
 This function calls:
		Nothing
 This function is called by:
		_main
 This function uses a non-reentrant model


 *************** function _BuildPacket *****************
 Defined at:
		line 317 in file "../main.c"
 Parameters:    Size  Location     Type
  command         1    wreg     unsigned char 
  subCommand      1   20[COMRAM] unsigned char 
  dataLength      1   21[COMRAM] unsigned char 
  ptrData         2   22[COMRAM] PTR unsigned char 
		 -> main@motorData(5), 
  ptrPacket       2   24[COMRAM] PTR unsigned char 
		 -> packet(32), 
 Auto vars:     Size  Location     Type
  command         1   26[COMRAM] unsigned char 
  packetIndex     1   28[COMRAM] unsigned char 
  i               1   27[COMRAM] unsigned char 
 Return value:  Size  Location     Type
                  1    wreg      unsigned char 
 Registers used:
		wreg, fsr2l, fsr2h, status,2, status,0, prodl, prodh, cstack
 Tracked objects:
		On entry : 
		On exit  : 
		Unchanged: 
 Data sizes:     COMRAM   BANK0   BANK1   BANK2   BANK3   BANK4   BANK5
      Params:         6       0       0       0       0       0       0
      Locals:         3       0       0       0       0       0       0
      Temps:          0       0       0       0       0       0       0
      Totals:         9       0       0       0       0       0       0
Total ram usage:        9 bytes
 Hardware stack levels used:    1
 Hardware stack levels required when called:    2
 This function calls:
		_insertByte
 This function is called by:
		_main
 This function uses a non-reentrant model


 *************** function _insertByte *****************
 Defined at:
		line 304 in file "../main.c"
 Parameters:    Size  Location     Type
  dataByte        1    wreg     unsigned char 
  ptrBuffer       2   14[COMRAM] PTR unsigned char 
		 -> packet(32), 
  index           2   16[COMRAM] PTR unsigned char 
		 -> BuildPacket@packetIndex(1), 
 Auto vars:     Size  Location     Type
  dataByte        1   19[COMRAM] unsigned char 
 Return value:  Size  Location     Type
                  1    wreg      unsigned char 
 Registers used:
		wreg, fsr2l, fsr2h, status,2, status,0, prodl, prodh
 Tracked objects:
		On entry : 
		On exit  : 
		Unchanged: 
 Data sizes:     COMRAM   BANK0   BANK1   BANK2   BANK3   BANK4   BANK5
      Params:         4       0       0       0       0       0       0
      Locals:         1       0       0       0       0       0       0
      Temps:          1       0       0       0       0       0       0
      Totals:         6       0       0       0       0       0       0
Total ram usage:        6 bytes
 Hardware stack levels used:    1
 Hardware stack levels required when called:    1
 This function calls:
		Nothing
 This function is called by:
		_BuildPacket
 This function uses a non-reentrant model


 *************** function _isr *****************
 Defined at:
		line 227 in file "../main.c"
 Parameters:    Size  Location     Type
		None
 Auto vars:     Size  Location     Type
		None
 Return value:  Size  Location     Type
                  1    wreg      void 
 Registers used:
		wreg, status,2, status,0
 Tracked objects:
		On entry : 
		On exit  : 
		Unchanged: 
 Data sizes:     COMRAM   BANK0   BANK1   BANK2   BANK3   BANK4   BANK5
      Params:         0       0       0       0       0       0       0
      Locals:         0       0       0       0       0       0       0
      Temps:         14       0       0       0       0       0       0
      Totals:        14       0       0       0       0       0       0
Total ram usage:       14 bytes
 Hardware stack levels used:    1
 This function calls:
		Nothing
 This function is called by:
		Interrupt level 2
 This function uses a non-reentrant model



MODULE INFORMATION

Module		Function		Class		Link	Load	Size
C:\Program Files (x86)\Microchip\xc8\v1.41\sources\common\lwdiv.c
		___lwdiv       		CODE           	0606	0000	83

C:\Program Files (x86)\Microchip\xc8\v1.41\sources\common\lwdiv.c estimated size: 83

../main.c
		_init          		CODE           	0588	0000	127
		_ADconvertAndRead		CODE           	069E	0000	51
		_insertByte    		CODE           	04D6	0000	179
		_putch         		CODE           	0738	0000	13
		_main          		CODE           	00BC	0000	467
		_ADsetChannel  		CODE           	0724	0000	21
		_readJoySticks 		CODE           	028E	0000	361
		_isr           		CODE           	0008	0000	177
		_BuildPacket   		CODE           	03F6	0000	225

../main.c estimated size: 1621

../delay.c
		_DelayMs       		CODE           	06D0	0000	47

../delay.c estimated size: 47

C:\Program Files (x86)\Microchip\xc8\v1.41\sources\common\Umul16.c
		___wmul        		CODE           	06FE	0000	39

C:\Program Files (x86)\Microchip\xc8\v1.41\sources\common\Umul16.c estimated size: 39

shared
		readJoySticks@F2980		MEDIUMCONST    	7FF7	0000	9
		readJoySticks@F2982		MEDIUMCONST    	7FEF	0000	9
		__initialization		CODE           	0658	0000	57
		_crc_tab16     		MEDIUMCONST    	7DEF	0000	513

shared estimated size: 588

